minecraft:allay, CREATURE
minecraft:axolotl, AXOLOTLS
minecraft:bat, AMBIENT
minecraft:bee, CREATURE
minecraft:blaze, MONSTER
minecraft:camel, CREATURE
minecraft:cat, CREATURE
minecraft:cave_spider, MONSTER
minecraft:chicken, CREATURE
minecraft:cod, WATER_AMBIENT
minecraft:cow, CREATURE
minecraft:creeper, MONSTER
minecraft:dolphin, WATER_CREATURE
minecraft:donkey, CREATURE
minecraft:drowned, MONSTER
minecraft:elder_guardian, MONSTER
minecraft:ender_dragon, MONSTER
minecraft:enderman, MONSTER
minecraft:endermite, MONSTER
minecraft:evoker, MONSTER
minecraft:fox, CREATURE
minecraft:frog, CREATURE
minecraft:ghast, MONSTER
minecraft:giant, MONSTER
minecraft:glow_squid, UNDERGROUND_WATER_CREATURE
minecraft:goat, CREATURE
minecraft:guardian, MONSTER
minecraft:hoglin, MONSTER
minecraft:horse, CREATURE
minecraft:husk, MONSTER
minecraft:illusioner, MONSTER
minecraft:llama, CREATURE
minecraft:magma_cube, MONSTER
minecraft:mooshroom, CREATURE
minecraft:mule, CREATURE
minecraft:ocelot, CREATURE
minecraft:panda, CREATURE
minecraft:parrot, CREATURE
minecraft:phantom, MONSTER
minecraft:pig, CREATURE
minecraft:piglin, MONSTER
minecraft:piglin_brute, MONSTER
minecraft:pillager, MONSTER
minecraft:polar_bear, CREATURE
minecraft:pufferfish, WATER_AMBIENT
minecraft:rabbit, CREATURE
minecraft:ravager, MONSTER
minecraft:salmon, WATER_AMBIENT
minecraft:sheep, CREATURE
minecraft:shulker, MONSTER
minecraft:silverfish, MONSTER
minecraft:skeleton, MONSTER
minecraft:skeleton_horse, CREATURE
minecraft:slime, MONSTER
minecraft:sniffer, CREATURE
minecraft:spider, MONSTER
minecraft:squid, WATER_CREATURE
minecraft:stray, MONSTER
minecraft:strider, CREATURE
minecraft:tadpole, CREATURE
minecraft:trader_llama, CREATURE
minecraft:tropical_fish, WATER_AMBIENT
minecraft:turtle, CREATURE
minecraft:vex, MONSTER
minecraft:vindicator, MONSTER
minecraft:wandering_trader, CREATURE
minecraft:warden, MONSTER
minecraft:witch, MONSTER
minecraft:wither, MONSTER
minecraft:wither_skeleton, MONSTER
minecraft:wolf, CREATURE
minecraft:zoglin, MONSTER
minecraft:zombie, MONSTER
minecraft:zombie_horse, CREATURE
minecraft:zombie_villager, MONSTER
minecraft:zombified_piglin, MONSTER
enderzoology:concussion_creeper, MONSTER
enderzoology:infested_zombie, MONSTER
enderzoology:enderminy, MONSTER
enderzoology:dire_wolf, MONSTER
enderzoology:fallen_mount, MONSTER
enderzoology:wither_cat, MONSTER
enderzoology:wither_witch, MONSTER
enderzoology:owl, CREATURE
enderzoology:fallen_knight, MONSTER
snuffles:snuffle, CREATURE
gravestone:player_ghost, MONSTER
nature_arise:grizzly_bear, CREATURE
horse_colors:horse_felinoid, CREATURE
horse_colors:donkey, CREATURE
horse_colors:mule, CREATURE
species:wraptor, MONSTER
species:deepfish, UNDERGROUND_WATER_CREATURE
species:roombug, CREATURE
species:birt, CREATURE
species:limpet, CREATURE
questapi:quest_npc, AMBIENT
lostfeatures:barnacle, MONSTER
lostfeatures:wildfire, MONSTER
lostfeatures:moobloom, CREATURE
lostfeatures:chillager, MONSTER
lostfeatures:ostrich, CREATURE
rftoolsdim:dimensional_blob_common, MONSTER
rftoolsdim:dimensional_blob_rare, MONSTER
rftoolsdim:dimensional_blob_legendary, MONSTER
cactusmod:cactus_cow, CREATURE
cactusmod:cactus_creeper, MONSTER
cactusmod:cactus_slime, MONSTER
cactusmod:cactus_sheep, CREATURE
cactusmod:cactus_pig, CREATURE
cactusmod:cactus_spider, MONSTER
cactusmod:cactus_skeleton, MONSTER
minecolonies:citizen, CREATURE
minecolonies:visitor, CREATURE
minecolonies:mercenary, CREATURE
minecolonies:barbarian, MONSTER
minecolonies:archerbarbarian, MONSTER
minecolonies:chiefbarbarian, MONSTER
minecolonies:pirate, MONSTER
minecolonies:archerpirate, MONSTER
minecolonies:chiefpirate, MONSTER
minecolonies:mummy, MONSTER
minecolonies:archermummy, MONSTER
minecolonies:pharao, MONSTER
minecolonies:amazon, MONSTER
minecolonies:amazonspearman, MONSTER
minecolonies:amazonchief, MONSTER
minecolonies:shieldmaiden, MONSTER
minecolonies:norsemenarcher, MONSTER
minecolonies:norsemenchief, MONSTER
shiny:shiny_axolotl, AXOLOTLS
shiny:shiny_bat, AMBIENT
shiny:shiny_bee, CREATURE
shiny:shiny_blaze, MONSTER
shiny:shiny_cat, CREATURE
shiny:shiny_cave_spider, MONSTER
shiny:shiny_chicken, CREATURE
shiny:shiny_cod, WATER_AMBIENT
shiny:shiny_cow, CREATURE
shiny:shiny_creeper, MONSTER
shiny:shiny_dolphin, WATER_CREATURE
shiny:shiny_donkey, CREATURE
shiny:shiny_drowned, MONSTER
shiny:shiny_elder_guardian, MONSTER
shiny:shiny_enderman, MONSTER
shiny:shiny_endermite, MONSTER
shiny:shiny_evoker, MONSTER
shiny:shiny_fox, CREATURE
shiny:shiny_ghast, MONSTER
shiny:shiny_glow_squid, UNDERGROUND_WATER_CREATURE
shiny:shiny_goat, CREATURE
shiny:shiny_guardian, MONSTER
shiny:shiny_hoglin, MONSTER
shiny:shiny_horse, CREATURE
shiny:shiny_husk, MONSTER
shiny:shiny_illusioner, MONSTER
shiny:shiny_llama, CREATURE
shiny:shiny_magma_cube, MONSTER
shiny:shiny_mule, CREATURE
shiny:shiny_mooshroom, CREATURE
shiny:shiny_ocelot, CREATURE
shiny:shiny_panda, CREATURE
shiny:shiny_parrot, CREATURE
shiny:shiny_phantom, MONSTER
shiny:shiny_pig, CREATURE
shiny:shiny_piglin, MONSTER
shiny:shiny_piglin_brute, MONSTER
shiny:shiny_pillager, MONSTER
shiny:shiny_polar_bear, CREATURE
shiny:shiny_pufferfish, WATER_AMBIENT
shiny:shiny_rabbit, CREATURE
shiny:shiny_ravager, MONSTER
shiny:shiny_salmon, WATER_AMBIENT
shiny:shiny_sheep, CREATURE
shiny:shiny_shulker, MONSTER
shiny:shiny_silverfish, MONSTER
shiny:shiny_skeleton, MONSTER
shiny:shiny_skeleton_horse, CREATURE
shiny:shiny_slime, MONSTER
shiny:shiny_spider, MONSTER
shiny:shiny_squid, WATER_CREATURE
shiny:shiny_stray, MONSTER
shiny:shiny_strider, CREATURE
shiny:shiny_trader_llama, CREATURE
shiny:shiny_tropical_fish, WATER_AMBIENT
shiny:shiny_turtle, CREATURE
shiny:shiny_vex, MONSTER
shiny:shiny_vindicator, MONSTER
shiny:shiny_wandering_trader, CREATURE
shiny:shiny_witch, MONSTER
shiny:shiny_wither, MONSTER
shiny:shiny_wither_skeleton, MONSTER
shiny:shiny_wolf, CREATURE
shiny:shiny_zoglin, MONSTER
shiny:shiny_zombie, MONSTER
shiny:shiny_zombie_horse, CREATURE
shiny:shiny_zombie_villager, MONSTER
shiny:shiny_zombified_piglin, MONSTER
shiny:shiny_warden, MONSTER
shiny:shiny_tadpole, CREATURE
shiny:shiny_frog, CREATURE
shiny:shiny_allay, CREATURE
shiny:shiny_camel, CREATURE
minecraft:allay, CREATURE
minecraft:axolotl, AXOLOTLS
minecraft:bat, AMBIENT
minecraft:bee, CREATURE
minecraft:blaze, MONSTER
minecraft:camel, CREATURE
minecraft:cat, CREATURE
minecraft:cave_spider, MONSTER
minecraft:chicken, CREATURE
minecraft:cod, WATER_AMBIENT
minecraft:cow, CREATURE
minecraft:creeper, MONSTER
minecraft:dolphin, WATER_CREATURE
minecraft:donkey, CREATURE
minecraft:drowned, MONSTER
minecraft:elder_guardian, MONSTER
minecraft:ender_dragon, MONSTER
minecraft:enderman, MONSTER
minecraft:endermite, MONSTER
minecraft:evoker, MONSTER
minecraft:fox, CREATURE
minecraft:frog, CREATURE
minecraft:ghast, MONSTER
minecraft:giant, MONSTER
minecraft:glow_squid, UNDERGROUND_WATER_CREATURE
minecraft:goat, CREATURE
minecraft:guardian, MONSTER
minecraft:hoglin, MONSTER
minecraft:horse, CREATURE
minecraft:husk, MONSTER
minecraft:illusioner, MONSTER
minecraft:llama, CREATURE
minecraft:magma_cube, MONSTER
minecraft:mooshroom, CREATURE
minecraft:mule, CREATURE
minecraft:ocelot, CREATURE
minecraft:panda, CREATURE
minecraft:parrot, CREATURE
minecraft:phantom, MONSTER
minecraft:pig, CREATURE
minecraft:piglin, MONSTER
minecraft:piglin_brute, MONSTER
minecraft:pillager, MONSTER
minecraft:polar_bear, CREATURE
minecraft:pufferfish, WATER_AMBIENT
minecraft:rabbit, CREATURE
minecraft:ravager, MONSTER
minecraft:salmon, WATER_AMBIENT
minecraft:sheep, CREATURE
minecraft:shulker, MONSTER
minecraft:silverfish, MONSTER
minecraft:skeleton, MONSTER
minecraft:skeleton_horse, CREATURE
minecraft:slime, MONSTER
minecraft:sniffer, CREATURE
minecraft:spider, MONSTER
minecraft:squid, WATER_CREATURE
minecraft:stray, MONSTER
minecraft:strider, CREATURE
minecraft:tadpole, CREATURE
minecraft:trader_llama, CREATURE
minecraft:tropical_fish, WATER_AMBIENT
minecraft:turtle, CREATURE
minecraft:vex, MONSTER
minecraft:vindicator, MONSTER
minecraft:wandering_trader, CREATURE
minecraft:warden, MONSTER
minecraft:witch, MONSTER
minecraft:wither, MONSTER
minecraft:wither_skeleton, MONSTER
minecraft:wolf, CREATURE
minecraft:zoglin, MONSTER
minecraft:zombie, MONSTER
minecraft:zombie_horse, CREATURE
minecraft:zombie_villager, MONSTER
minecraft:zombified_piglin, MONSTER
enderzoology:concussion_creeper, MONSTER
enderzoology:infested_zombie, MONSTER
enderzoology:enderminy, MONSTER
enderzoology:dire_wolf, MONSTER
enderzoology:fallen_mount, MONSTER
enderzoology:wither_cat, MONSTER
enderzoology:wither_witch, MONSTER
enderzoology:owl, CREATURE
enderzoology:fallen_knight, MONSTER
snuffles:snuffle, CREATURE
gravestone:player_ghost, MONSTER
nature_arise:grizzly_bear, CREATURE
species:wraptor, MONSTER
species:deepfish, UNDERGROUND_WATER_CREATURE
species:roombug, CREATURE
species:birt, CREATURE
species:limpet, CREATURE
lostfeatures:barnacle, MONSTER
lostfeatures:wildfire, MONSTER
lostfeatures:moobloom, CREATURE
lostfeatures:chillager, MONSTER
lostfeatures:ostrich, CREATURE
rftoolsdim:dimensional_blob_common, MONSTER
rftoolsdim:dimensional_blob_rare, MONSTER
rftoolsdim:dimensional_blob_legendary, MONSTER
cactusmod:cactus_cow, CREATURE
cactusmod:cactus_creeper, MONSTER
cactusmod:cactus_slime, MONSTER
cactusmod:cactus_sheep, CREATURE
cactusmod:cactus_pig, CREATURE
cactusmod:cactus_spider, MONSTER
cactusmod:cactus_skeleton, MONSTER
minecolonies:citizen, CREATURE
minecolonies:visitor, CREATURE
minecolonies:mercenary, CREATURE
minecolonies:barbarian, MONSTER
minecolonies:archerbarbarian, MONSTER
minecolonies:chiefbarbarian, MONSTER
minecolonies:pirate, MONSTER
minecolonies:archerpirate, MONSTER
minecolonies:chiefpirate, MONSTER
minecolonies:mummy, MONSTER
minecolonies:archermummy, MONSTER
minecolonies:pharao, MONSTER
minecolonies:amazon, MONSTER
minecolonies:amazonspearman, MONSTER
minecolonies:amazonchief, MONSTER
minecolonies:shieldmaiden, MONSTER
minecolonies:norsemenarcher, MONSTER
minecolonies:norsemenchief, MONSTER
shiny:shiny_axolotl, AXOLOTLS
shiny:shiny_bat, AMBIENT
shiny:shiny_bee, CREATURE
shiny:shiny_blaze, MONSTER
shiny:shiny_cat, CREATURE
shiny:shiny_cave_spider, MONSTER
shiny:shiny_chicken, CREATURE
shiny:shiny_cod, WATER_AMBIENT
shiny:shiny_cow, CREATURE
shiny:shiny_creeper, MONSTER
shiny:shiny_dolphin, WATER_CREATURE
shiny:shiny_donkey, CREATURE
shiny:shiny_drowned, MONSTER
shiny:shiny_elder_guardian, MONSTER
shiny:shiny_enderman, MONSTER
shiny:shiny_endermite, MONSTER
shiny:shiny_evoker, MONSTER
shiny:shiny_fox, CREATURE
shiny:shiny_ghast, MONSTER
shiny:shiny_glow_squid, UNDERGROUND_WATER_CREATURE
shiny:shiny_goat, CREATURE
shiny:shiny_guardian, MONSTER
shiny:shiny_hoglin, MONSTER
shiny:shiny_horse, CREATURE
shiny:shiny_husk, MONSTER
shiny:shiny_illusioner, MONSTER
shiny:shiny_llama, CREATURE
shiny:shiny_magma_cube, MONSTER
shiny:shiny_mule, CREATURE
shiny:shiny_mooshroom, CREATURE
shiny:shiny_ocelot, CREATURE
shiny:shiny_panda, CREATURE
shiny:shiny_parrot, CREATURE
shiny:shiny_phantom, MONSTER
shiny:shiny_pig, CREATURE
shiny:shiny_piglin, MONSTER
shiny:shiny_piglin_brute, MONSTER
shiny:shiny_pillager, MONSTER
shiny:shiny_polar_bear, CREATURE
shiny:shiny_pufferfish, WATER_AMBIENT
shiny:shiny_rabbit, CREATURE
shiny:shiny_ravager, MONSTER
shiny:shiny_salmon, WATER_AMBIENT
shiny:shiny_sheep, CREATURE
shiny:shiny_shulker, MONSTER
shiny:shiny_silverfish, MONSTER
shiny:shiny_skeleton, MONSTER
shiny:shiny_skeleton_horse, CREATURE
shiny:shiny_slime, MONSTER
shiny:shiny_spider, MONSTER
shiny:shiny_squid, WATER_CREATURE
shiny:shiny_stray, MONSTER
shiny:shiny_strider, CREATURE
shiny:shiny_trader_llama, CREATURE
shiny:shiny_tropical_fish, WATER_AMBIENT
shiny:shiny_turtle, CREATURE
shiny:shiny_vex, MONSTER
shiny:shiny_vindicator, MONSTER
shiny:shiny_wandering_trader, CREATURE
shiny:shiny_witch, MONSTER
shiny:shiny_wither, MONSTER
shiny:shiny_wither_skeleton, MONSTER
shiny:shiny_wolf, CREATURE
shiny:shiny_zoglin, MONSTER
shiny:shiny_zombie, MONSTER
shiny:shiny_zombie_horse, CREATURE
shiny:shiny_zombie_villager, MONSTER
shiny:shiny_zombified_piglin, MONSTER
shiny:shiny_warden, MONSTER
shiny:shiny_tadpole, CREATURE
shiny:shiny_frog, CREATURE
shiny:shiny_allay, CREATURE
shiny:shiny_camel, CREATURE
minecraft:allay, CREATURE
minecraft:axolotl, AXOLOTLS
minecraft:bat, AMBIENT
minecraft:bee, CREATURE
minecraft:blaze, MONSTER
minecraft:camel, CREATURE
minecraft:cat, CREATURE
minecraft:cave_spider, MONSTER
minecraft:chicken, CREATURE
minecraft:cod, WATER_AMBIENT
minecraft:cow, CREATURE
minecraft:creeper, MONSTER
minecraft:dolphin, WATER_CREATURE
minecraft:donkey, CREATURE
minecraft:drowned, MONSTER
minecraft:elder_guardian, MONSTER
minecraft:ender_dragon, MONSTER
minecraft:enderman, MONSTER
minecraft:endermite, MONSTER
minecraft:evoker, MONSTER
minecraft:fox, CREATURE
minecraft:frog, CREATURE
minecraft:ghast, MONSTER
minecraft:giant, MONSTER
minecraft:glow_squid, UNDERGROUND_WATER_CREATURE
minecraft:goat, CREATURE
minecraft:guardian, MONSTER
minecraft:hoglin, MONSTER
minecraft:horse, CREATURE
minecraft:husk, MONSTER
minecraft:illusioner, MONSTER
minecraft:llama, CREATURE
minecraft:magma_cube, MONSTER
minecraft:mooshroom, CREATURE
minecraft:mule, CREATURE
minecraft:ocelot, CREATURE
minecraft:panda, CREATURE
minecraft:parrot, CREATURE
minecraft:phantom, MONSTER
minecraft:pig, CREATURE
minecraft:piglin, MONSTER
minecraft:piglin_brute, MONSTER
minecraft:pillager, MONSTER
minecraft:polar_bear, CREATURE
minecraft:pufferfish, WATER_AMBIENT
minecraft:rabbit, CREATURE
minecraft:ravager, MONSTER
minecraft:salmon, WATER_AMBIENT
minecraft:sheep, CREATURE
minecraft:shulker, MONSTER
minecraft:silverfish, MONSTER
minecraft:skeleton, MONSTER
minecraft:skeleton_horse, CREATURE
minecraft:slime, MONSTER
minecraft:sniffer, CREATURE
minecraft:spider, MONSTER
minecraft:squid, WATER_CREATURE
minecraft:stray, MONSTER
minecraft:strider, CREATURE
minecraft:tadpole, CREATURE
minecraft:trader_llama, CREATURE
minecraft:tropical_fish, WATER_AMBIENT
minecraft:turtle, CREATURE
minecraft:vex, MONSTER
minecraft:vindicator, MONSTER
minecraft:wandering_trader, CREATURE
minecraft:warden, MONSTER
minecraft:witch, MONSTER
minecraft:wither, MONSTER
minecraft:wither_skeleton, MONSTER
minecraft:wolf, CREATURE
minecraft:zoglin, MONSTER
minecraft:zombie, MONSTER
minecraft:zombie_horse, CREATURE
minecraft:zombie_villager, MONSTER
minecraft:zombified_piglin, MONSTER
enderzoology:concussion_creeper, MONSTER
enderzoology:infested_zombie, MONSTER
enderzoology:enderminy, MONSTER
enderzoology:dire_wolf, MONSTER
enderzoology:fallen_mount, MONSTER
enderzoology:wither_cat, MONSTER
enderzoology:wither_witch, MONSTER
enderzoology:owl, CREATURE
enderzoology:fallen_knight, MONSTER
snuffles:snuffle, CREATURE
gravestone:player_ghost, MONSTER
nature_arise:grizzly_bear, CREATURE
species:wraptor, MONSTER
species:deepfish, UNDERGROUND_WATER_CREATURE
species:roombug, CREATURE
species:birt, CREATURE
species:limpet, CREATURE
questapi:quest_npc, AMBIENT
lostfeatures:barnacle, MONSTER
lostfeatures:wildfire, MONSTER
lostfeatures:moobloom, CREATURE
lostfeatures:chillager, MONSTER
lostfeatures:ostrich, CREATURE
rftoolsdim:dimensional_blob_common, MONSTER
rftoolsdim:dimensional_blob_rare, MONSTER
rftoolsdim:dimensional_blob_legendary, MONSTER
cactusmod:cactus_cow, CREATURE
cactusmod:cactus_creeper, MONSTER
cactusmod:cactus_slime, MONSTER
cactusmod:cactus_sheep, CREATURE
cactusmod:cactus_pig, CREATURE
cactusmod:cactus_spider, MONSTER
cactusmod:cactus_skeleton, MONSTER
minecolonies:citizen, CREATURE
minecolonies:visitor, CREATURE
minecolonies:mercenary, CREATURE
minecolonies:barbarian, MONSTER
minecolonies:archerbarbarian, MONSTER
minecolonies:chiefbarbarian, MONSTER
minecolonies:pirate, MONSTER
minecolonies:archerpirate, MONSTER
minecolonies:chiefpirate, MONSTER
minecolonies:mummy, MONSTER
minecolonies:archermummy, MONSTER
minecolonies:pharao, MONSTER
minecolonies:amazon, MONSTER
minecolonies:amazonspearman, MONSTER
minecolonies:amazonchief, MONSTER
minecolonies:shieldmaiden, MONSTER
minecolonies:norsemenarcher, MONSTER
minecolonies:norsemenchief, MONSTER
shiny:shiny_axolotl, AXOLOTLS
shiny:shiny_bat, AMBIENT
shiny:shiny_bee, CREATURE
shiny:shiny_blaze, MONSTER
shiny:shiny_cat, CREATURE
shiny:shiny_cave_spider, MONSTER
shiny:shiny_chicken, CREATURE
shiny:shiny_cod, WATER_AMBIENT
shiny:shiny_cow, CREATURE
shiny:shiny_creeper, MONSTER
shiny:shiny_dolphin, WATER_CREATURE
shiny:shiny_donkey, CREATURE
shiny:shiny_drowned, MONSTER
shiny:shiny_elder_guardian, MONSTER
shiny:shiny_enderman, MONSTER
shiny:shiny_endermite, MONSTER
shiny:shiny_evoker, MONSTER
shiny:shiny_fox, CREATURE
shiny:shiny_ghast, MONSTER
shiny:shiny_glow_squid, UNDERGROUND_WATER_CREATURE
shiny:shiny_goat, CREATURE
shiny:shiny_guardian, MONSTER
shiny:shiny_hoglin, MONSTER
shiny:shiny_horse, CREATURE
shiny:shiny_husk, MONSTER
shiny:shiny_illusioner, MONSTER
shiny:shiny_llama, CREATURE
shiny:shiny_magma_cube, MONSTER
shiny:shiny_mule, CREATURE
shiny:shiny_mooshroom, CREATURE
shiny:shiny_ocelot, CREATURE
shiny:shiny_panda, CREATURE
shiny:shiny_parrot, CREATURE
shiny:shiny_phantom, MONSTER
shiny:shiny_pig, CREATURE
shiny:shiny_piglin, MONSTER
shiny:shiny_piglin_brute, MONSTER
shiny:shiny_pillager, MONSTER
shiny:shiny_polar_bear, CREATURE
shiny:shiny_pufferfish, WATER_AMBIENT
shiny:shiny_rabbit, CREATURE
shiny:shiny_ravager, MONSTER
shiny:shiny_salmon, WATER_AMBIENT
shiny:shiny_sheep, CREATURE
shiny:shiny_shulker, MONSTER
shiny:shiny_silverfish, MONSTER
shiny:shiny_skeleton, MONSTER
shiny:shiny_skeleton_horse, CREATURE
shiny:shiny_slime, MONSTER
shiny:shiny_spider, MONSTER
shiny:shiny_squid, WATER_CREATURE
shiny:shiny_stray, MONSTER
shiny:shiny_strider, CREATURE
shiny:shiny_trader_llama, CREATURE
shiny:shiny_tropical_fish, WATER_AMBIENT
shiny:shiny_turtle, CREATURE
shiny:shiny_vex, MONSTER
shiny:shiny_vindicator, MONSTER
shiny:shiny_wandering_trader, CREATURE
shiny:shiny_witch, MONSTER
shiny:shiny_wither, MONSTER
shiny:shiny_wither_skeleton, MONSTER
shiny:shiny_wolf, CREATURE
shiny:shiny_zoglin, MONSTER
shiny:shiny_zombie, MONSTER
shiny:shiny_zombie_horse, CREATURE
shiny:shiny_zombie_villager, MONSTER
shiny:shiny_zombified_piglin, MONSTER
shiny:shiny_warden, MONSTER
shiny:shiny_tadpole, CREATURE
shiny:shiny_frog, CREATURE
shiny:shiny_allay, CREATURE
shiny:shiny_camel, CREATURE
