minecraft:allay, CREATURE
minecraft:axolotl, AXOLOTLS
minecraft:bat, AMBIENT
minecraft:bee, CREATURE
minecraft:blaze, MONSTER
minecraft:camel, CREATURE
minecraft:cat, CREATURE
minecraft:cave_spider, MONSTER
minecraft:chicken, CREATURE
minecraft:cod, WATER_AMBIENT
minecraft:cow, CREATURE
minecraft:creeper, MONSTER
minecraft:dolphin, WATER_CREATURE
minecraft:donkey, CREATURE
minecraft:drowned, MONSTER
minecraft:elder_guardian, MONSTER
minecraft:ender_dragon, MONSTER
minecraft:enderman, MONSTER
minecraft:endermite, MONSTER
minecraft:evoker, MONSTER
minecraft:fox, CREATURE
minecraft:frog, CREATURE
minecraft:ghast, MONSTER
minecraft:giant, MONSTER
minecraft:glow_squid, UNDERGROUND_WATER_CREATURE
minecraft:goat, CREATURE
minecraft:guardian, MONSTER
minecraft:hoglin, MONSTER
minecraft:horse, CREATURE
minecraft:husk, MONSTER
minecraft:illusioner, MONSTER
minecraft:llama, CREATURE
minecraft:magma_cube, MONSTER
minecraft:mooshroom, CREATURE
minecraft:mule, CREATURE
minecraft:ocelot, CREATURE
minecraft:panda, CREATURE
minecraft:parrot, CREATURE
minecraft:phantom, MONSTER
minecraft:pig, CREATURE
minecraft:piglin, MONSTER
minecraft:piglin_brute, MONSTER
minecraft:pillager, MONSTER
minecraft:polar_bear, CREATURE
minecraft:pufferfish, WATER_AMBIENT
minecraft:rabbit, CREATURE
minecraft:ravager, MONSTER
minecraft:salmon, WATER_AMBIENT
minecraft:sheep, CREATURE
minecraft:shulker, MONSTER
minecraft:silverfish, MONSTER
minecraft:skeleton, MONSTER
minecraft:skeleton_horse, CREATURE
minecraft:slime, MONSTER
minecraft:sniffer, CREATURE
minecraft:spider, MONSTER
minecraft:squid, WATER_CREATURE
minecraft:stray, MONSTER
minecraft:strider, CREATURE
minecraft:tadpole, CREATURE
minecraft:trader_llama, CREATURE
minecraft:tropical_fish, WATER_AMBIENT
minecraft:turtle, CREATURE
minecraft:vex, MONSTER
minecraft:vindicator, MONSTER
minecraft:wandering_trader, CREATURE
minecraft:warden, MONSTER
minecraft:witch, MONSTER
minecraft:wither, MONSTER
minecraft:wither_skeleton, MONSTER
minecraft:wolf, CREATURE
minecraft:zoglin, MONSTER
minecraft:zombie, MONSTER
minecraft:zombie_horse, CREATURE
minecraft:zombie_villager, MONSTER
minecraft:zombified_piglin, MONSTER
majruszsdifficulty:creeperling, MONSTER
majruszsdifficulty:tank, MONSTER
majruszsdifficulty:cursed_armor, MONSTER
majruszsdifficulty:cerberus, MONSTER
majruszsdifficulty:black_widow, MONSTER
evilcraft:werewolf, MONSTER
evilcraft:netherfish, MONSTER
evilcraft:poisonous_libelle, MONSTER
evilcraft:vengeance_spirit, MONSTER
evilcraft:controlled_zombie, MONSTER
endertrigon:baby_ender_dragon, MONSTER
kobolds:kobold_zombie, MONSTER
kobolds:kobold_skeleton, MONSTER
kobolds:kobold_rascal, MONSTER
awakened_evil:stalker, MONSTER
awakened_evil:infernal_spirit, MONSTER
awakened_evil:water_spirit, MONSTER
awakened_evil:earth_spirit, MONSTER
awakened_evil:oak_ent, MONSTER
awakened_evil:air_spirit, MONSTER
awakened_evil:manticore, MONSTER
awakened_evil:fairy, MONSTER
awakened_evil:sandworm, MONSTER
awakened_evil:sandworm_segment, MONSTER
awakened_evil:mummy, MONSTER
awakened_evil:ender_demon, MONSTER
awakened_evil:imp, MONSTER
awakened_evil:cherub, MONSTER
gravestone:player_ghost, MONSTER
undergarden:rotling, MONSTER
undergarden:rotwalker, MONSTER
undergarden:rotbeast, MONSTER
undergarden:dweller, CREATURE
undergarden:gwibling, WATER_AMBIENT
undergarden:brute, CREATURE
undergarden:scintling, AMBIENT
undergarden:gloomper, CREATURE
undergarden:stoneborn, MONSTER
undergarden:nargoyle, MONSTER
undergarden:muncher, MONSTER
undergarden:sploogie, MONSTER
undergarden:gwib, WATER_CREATURE
undergarden:mog, CREATURE
undergarden:forgotten_guardian, MONSTER
species:wraptor, MONSTER
species:deepfish, UNDERGROUND_WATER_CREATURE
species:roombug, CREATURE
species:birt, CREATURE
species:limpet, CREATURE
solarcraft:solar_strike_entity, CREATURE
solarcraft:solar_master_villager, CREATURE
solarcraft:shadow_zombie, MONSTER
solarcraft:crystal_boss, CREATURE
solarcraft:crystal_boss_shielding_crystal, CREATURE
solarcraft:runic_warrior, CREATURE
solarcraft:refraction_crystal, CREATURE
solarcraft:explosive_crystal, CREATURE
solarcraft:crystal_boss_mine, CREATURE
solarcraft:runic_elemental_boss, CREATURE
solarcraft:corruption_wisp, CREATURE
minecolonies:citizen, CREATURE
minecolonies:visitor, CREATURE
minecolonies:mercenary, CREATURE
minecolonies:barbarian, MONSTER
minecolonies:archerbarbarian, MONSTER
minecolonies:chiefbarbarian, MONSTER
minecolonies:pirate, MONSTER
minecolonies:archerpirate, MONSTER
minecolonies:chiefpirate, MONSTER
minecolonies:mummy, MONSTER
minecolonies:archermummy, MONSTER
minecolonies:pharao, MONSTER
minecolonies:amazon, MONSTER
minecolonies:amazonspearman, MONSTER
minecolonies:amazonchief, MONSTER
minecolonies:shieldmaiden, MONSTER
minecolonies:norsemenarcher, MONSTER
minecolonies:norsemenchief, MONSTER
enderzoology:concussion_creeper, MONSTER
enderzoology:infested_zombie, MONSTER
enderzoology:enderminy, MONSTER
enderzoology:dire_wolf, MONSTER
enderzoology:fallen_mount, MONSTER
enderzoology:wither_cat, MONSTER
enderzoology:wither_witch, MONSTER
enderzoology:owl, CREATURE
enderzoology:fallen_knight, MONSTER
bagus_lib:mini_bagu, CREATURE
hunterillager:hunterillager, MONSTER
snuffles:snuffle, CREATURE
ars_nouveau:starbuncle, CREATURE
ars_nouveau:whirlisprig, CREATURE
ars_nouveau:wilden_hunter, MONSTER
ars_nouveau:summon_wolf, CREATURE
ars_nouveau:wilden_stalker, MONSTER
ars_nouveau:summon_horse, CREATURE
ars_nouveau:summon_skeleton, CREATURE
ars_nouveau:wilden_guardian, MONSTER
ars_nouveau:wilden_boss, MONSTER
ars_nouveau:drygmy, CREATURE
ars_nouveau:familiar_starbuncle, CREATURE
ars_nouveau:familiar_wixie, CREATURE
ars_nouveau:familiar_bookwyrm, CREATURE
ars_nouveau:familiar_drygmy, CREATURE
ars_nouveau:familiar_whirlisprig, CREATURE
ars_nouveau:familiar_amethyst_golem, CREATURE
ars_nouveau:cascading_weald_walker, CREATURE
ars_nouveau:flourishing_weald_walker, CREATURE
ars_nouveau:blazing_weald_walker, CREATURE
ars_nouveau:vexing_weald_walker, CREATURE
ars_nouveau:amethyst_golem, CREATURE
ars_nouveau:gift_starby, CREATURE
aquaculture:box_turtle, CREATURE
aquaculture:arrau_turtle, CREATURE
aquaculture:starshell_turtle, CREATURE
aquaculture:atlantic_cod, WATER_AMBIENT
aquaculture:blackfish, WATER_AMBIENT
aquaculture:pacific_halibut, WATER_AMBIENT
aquaculture:atlantic_halibut, WATER_AMBIENT
aquaculture:atlantic_herring, WATER_AMBIENT
aquaculture:pink_salmon, WATER_AMBIENT
aquaculture:pollock, WATER_AMBIENT
aquaculture:rainbow_trout, WATER_AMBIENT
aquaculture:bayad, WATER_AMBIENT
aquaculture:boulti, WATER_AMBIENT
aquaculture:capitaine, WATER_AMBIENT
aquaculture:synodontis, WATER_AMBIENT
aquaculture:smallmouth_bass, WATER_AMBIENT
aquaculture:bluegill, WATER_AMBIENT
aquaculture:brown_trout, WATER_AMBIENT
aquaculture:carp, WATER_AMBIENT
aquaculture:catfish, WATER_AMBIENT
aquaculture:gar, WATER_AMBIENT
aquaculture:minnow, WATER_AMBIENT
aquaculture:muskellunge, WATER_AMBIENT
aquaculture:perch, WATER_AMBIENT
aquaculture:arapaima, WATER_AMBIENT
aquaculture:piranha, WATER_AMBIENT
aquaculture:tambaqui, WATER_AMBIENT
aquaculture:brown_shrooma, WATER_AMBIENT
aquaculture:red_shrooma, WATER_AMBIENT
aquaculture:jellyfish, WATER_AMBIENT
aquaculture:red_grouper, WATER_AMBIENT
aquaculture:tuna, WATER_AMBIENT
aquamirae:golden_moth, AMBIENT
aquamirae:maw, MONSTER
aquamirae:anglerfish, WATER_CREATURE
aquamirae:maze_mother, MONSTER
aquamirae:captain_cornelia, MONSTER
aquamirae:pillagers_patrol, MONSTER
aquamirae:tortured_soul, MONSTER
aquamirae:eel, MONSTER
aquamirae:spinefish, WATER_AMBIENT
aquamirae:luminous_jelly, WATER_AMBIENT
cataclysm:ender_golem, MONSTER
cataclysm:ender_guardian, MONSTER
cataclysm:netherite_monstrosity, MONSTER
cataclysm:nameless_sorcerer, MONSTER
cataclysm:ignis, MONSTER
cataclysm:endermaptera, MONSTER
cataclysm:deepling, MONSTER
cataclysm:deepling_brute, MONSTER
cataclysm:deepling_angler, MONSTER
cataclysm:deepling_priest, MONSTER
cataclysm:lionfish, MONSTER
cataclysm:coralssus, MONSTER
cataclysm:ignited_revenant, MONSTER
cataclysm:the_harbinger, MONSTER
cataclysm:the_leviathan, MONSTER
cataclysm:the_baby_leviathan, CREATURE
alexsmobs:grizzly_bear, CREATURE
alexsmobs:roadrunner, CREATURE
alexsmobs:bone_serpent, MONSTER
alexsmobs:bone_serpent_part, MONSTER
alexsmobs:gazelle, CREATURE
alexsmobs:crocodile, WATER_CREATURE
alexsmobs:fly, AMBIENT
alexsmobs:hummingbird, CREATURE
alexsmobs:orca, WATER_CREATURE
alexsmobs:sunbird, CREATURE
alexsmobs:gorilla, CREATURE
alexsmobs:crimson_mosquito, MONSTER
alexsmobs:rattlesnake, CREATURE
alexsmobs:endergrade, CREATURE
alexsmobs:hammerhead_shark, WATER_CREATURE
alexsmobs:lobster, WATER_AMBIENT
alexsmobs:komodo_dragon, CREATURE
alexsmobs:capuchin_monkey, CREATURE
alexsmobs:centipede_head, MONSTER
alexsmobs:warped_toad, CREATURE
alexsmobs:moose, CREATURE
alexsmobs:mimicube, MONSTER
alexsmobs:raccoon, CREATURE
alexsmobs:blobfish, WATER_AMBIENT
alexsmobs:seal, CREATURE
alexsmobs:cockroach, AMBIENT
alexsmobs:shoebill, CREATURE
alexsmobs:elephant, CREATURE
alexsmobs:soul_vulture, MONSTER
alexsmobs:snow_leopard, CREATURE
alexsmobs:spectre, CREATURE
alexsmobs:crow, CREATURE
alexsmobs:alligator_snapping_turtle, CREATURE
alexsmobs:mungus, CREATURE
alexsmobs:mantis_shrimp, WATER_CREATURE
alexsmobs:guster, MONSTER
alexsmobs:warped_mosco, MONSTER
alexsmobs:straddler, MONSTER
alexsmobs:stradpole, WATER_AMBIENT
alexsmobs:emu, CREATURE
alexsmobs:platypus, CREATURE
alexsmobs:dropbear, MONSTER
alexsmobs:tasmanian_devil, CREATURE
alexsmobs:kangaroo, CREATURE
alexsmobs:cachalot_whale, WATER_CREATURE
alexsmobs:leafcutter_ant, CREATURE
alexsmobs:enderiophage, CREATURE
alexsmobs:bald_eagle, CREATURE
alexsmobs:tiger, CREATURE
alexsmobs:tarantula_hawk, CREATURE
alexsmobs:void_worm, MONSTER
alexsmobs:void_worm_part, MONSTER
alexsmobs:frilled_shark, WATER_CREATURE
alexsmobs:mimic_octopus, WATER_CREATURE
alexsmobs:seagull, CREATURE
alexsmobs:froststalker, CREATURE
alexsmobs:tusklin, CREATURE
alexsmobs:laviathan, CREATURE
alexsmobs:cosmaw, CREATURE
alexsmobs:toucan, CREATURE
alexsmobs:maned_wolf, CREATURE
alexsmobs:anaconda, CREATURE
alexsmobs:anteater, CREATURE
alexsmobs:rocky_roller, MONSTER
alexsmobs:flutter, AMBIENT
alexsmobs:gelada_monkey, CREATURE
alexsmobs:jerboa, AMBIENT
alexsmobs:terrapin, WATER_AMBIENT
alexsmobs:comb_jelly, WATER_AMBIENT
alexsmobs:cosmic_cod, AMBIENT
alexsmobs:bunfungus, CREATURE
alexsmobs:bison, CREATURE
alexsmobs:giant_squid, WATER_CREATURE
alexsmobs:sea_bear, WATER_CREATURE
alexsmobs:devils_hole_pupfish, WATER_AMBIENT
alexsmobs:catfish, WATER_AMBIENT
alexsmobs:flying_fish, WATER_AMBIENT
alexsmobs:skelewag, MONSTER
alexsmobs:rain_frog, AMBIENT
alexsmobs:potoo, CREATURE
alexsmobs:mudskipper, CREATURE
alexsmobs:rhinoceros, CREATURE
alexsmobs:sugar_glider, CREATURE
alexsmobs:farseer, MONSTER
alexsmobs:skreecher, MONSTER
alexsmobs:underminer, AMBIENT
alexsmobs:murmur, MONSTER
alexsmobs:murmur_head, MONSTER
alexsmobs:skunk, CREATURE
alexsmobs:banana_slug, CREATURE
alexsmobs:blue_jay, CREATURE
alexsmobs:caiman, CREATURE
alexsmobs:triops, WATER_AMBIENT
waddles:adelie_penguin, CREATURE
bloodandmadness:father_gascoigne, MONSTER
bloodandmadness:gascoigne_beast, MONSTER
bloodandmadness:micolash, MONSTER
bloodandmadness:silverbeast, MONSTER
bloodandmadness:beast_patient, MONSTER
bloodandmadness:cloaked_beast_patient, MONSTER
bloodandmadness:ashen_blood_beast_patient, MONSTER
bloodandmadness:huntsman_axe, MONSTER
bloodandmadness:huntsman_cutlass, MONSTER
bloodandmadness:church_doctor_scythe, MONSTER
bloodandmadness:church_doctor, MONSTER
bloodandmadness:church_doctor_lantern, MONSTER
bloodandmadness:church_doctor_crucifix, MONSTER
bloodandmadness:church_doctor_pistol, MONSTER
bloodandmadness:church_doctor_flamesprayer, MONSTER
bloodandmadness:brainsucker, MONSTER
bloodandmadness:celestial_emissary, MONSTER
bloodandmadness:skeletal_puppet, MONSTER
nature_arise:grizzly_bear, CREATURE
mca:male_villager, AMBIENT
mca:female_villager, AMBIENT
mca:male_zombie_villager, MONSTER
mca:female_zombie_villager, MONSTER
mca:grim_reaper, MONSTER
questapi:quest_npc, AMBIENT
lostfeatures:barnacle, MONSTER
lostfeatures:wildfire, MONSTER
lostfeatures:moobloom, CREATURE
lostfeatures:chillager, MONSTER
lostfeatures:ostrich, CREATURE
rftoolsdim:dimensional_blob_common, MONSTER
rftoolsdim:dimensional_blob_rare, MONSTER
rftoolsdim:dimensional_blob_legendary, MONSTER
cactusmod:cactus_cow, CREATURE
cactusmod:cactus_creeper, MONSTER
cactusmod:cactus_slime, MONSTER
cactusmod:cactus_sheep, CREATURE
cactusmod:cactus_pig, CREATURE
cactusmod:cactus_spider, MONSTER
cactusmod:cactus_skeleton, MONSTER
shiny:shiny_axolotl, AXOLOTLS
shiny:shiny_bat, AMBIENT
shiny:shiny_bee, CREATURE
shiny:shiny_blaze, MONSTER
shiny:shiny_cat, CREATURE
shiny:shiny_cave_spider, MONSTER
shiny:shiny_chicken, CREATURE
shiny:shiny_cod, WATER_AMBIENT
shiny:shiny_cow, CREATURE
shiny:shiny_creeper, MONSTER
shiny:shiny_dolphin, WATER_CREATURE
shiny:shiny_donkey, CREATURE
shiny:shiny_drowned, MONSTER
shiny:shiny_elder_guardian, MONSTER
shiny:shiny_enderman, MONSTER
shiny:shiny_endermite, MONSTER
shiny:shiny_evoker, MONSTER
shiny:shiny_fox, CREATURE
shiny:shiny_ghast, MONSTER
shiny:shiny_glow_squid, UNDERGROUND_WATER_CREATURE
shiny:shiny_goat, CREATURE
shiny:shiny_guardian, MONSTER
shiny:shiny_hoglin, MONSTER
shiny:shiny_horse, CREATURE
shiny:shiny_husk, MONSTER
shiny:shiny_illusioner, MONSTER
shiny:shiny_llama, CREATURE
shiny:shiny_magma_cube, MONSTER
shiny:shiny_mule, CREATURE
shiny:shiny_mooshroom, CREATURE
shiny:shiny_ocelot, CREATURE
shiny:shiny_panda, CREATURE
shiny:shiny_parrot, CREATURE
shiny:shiny_phantom, MONSTER
shiny:shiny_pig, CREATURE
shiny:shiny_piglin, MONSTER
shiny:shiny_piglin_brute, MONSTER
shiny:shiny_pillager, MONSTER
shiny:shiny_polar_bear, CREATURE
shiny:shiny_pufferfish, WATER_AMBIENT
shiny:shiny_rabbit, CREATURE
shiny:shiny_ravager, MONSTER
shiny:shiny_salmon, WATER_AMBIENT
shiny:shiny_sheep, CREATURE
shiny:shiny_shulker, MONSTER
shiny:shiny_silverfish, MONSTER
shiny:shiny_skeleton, MONSTER
shiny:shiny_skeleton_horse, CREATURE
shiny:shiny_slime, MONSTER
shiny:shiny_spider, MONSTER
shiny:shiny_squid, WATER_CREATURE
shiny:shiny_stray, MONSTER
shiny:shiny_strider, CREATURE
shiny:shiny_trader_llama, CREATURE
shiny:shiny_tropical_fish, WATER_AMBIENT
shiny:shiny_turtle, CREATURE
shiny:shiny_vex, MONSTER
shiny:shiny_vindicator, MONSTER
shiny:shiny_wandering_trader, CREATURE
shiny:shiny_witch, MONSTER
shiny:shiny_wither, MONSTER
shiny:shiny_wither_skeleton, MONSTER
shiny:shiny_wolf, CREATURE
shiny:shiny_zoglin, MONSTER
shiny:shiny_zombie, MONSTER
shiny:shiny_zombie_horse, CREATURE
shiny:shiny_zombie_villager, MONSTER
shiny:shiny_zombified_piglin, MONSTER
shiny:shiny_warden, MONSTER
shiny:shiny_tadpole, CREATURE
shiny:shiny_frog, CREATURE
shiny:shiny_allay, CREATURE
shiny:shiny_camel, CREATURE
minecraft:allay, CREATURE
minecraft:axolotl, AXOLOTLS
minecraft:bat, AMBIENT
minecraft:bee, CREATURE
minecraft:blaze, MONSTER
minecraft:camel, CREATURE
minecraft:cat, CREATURE
minecraft:cave_spider, MONSTER
minecraft:chicken, CREATURE
minecraft:cod, WATER_AMBIENT
minecraft:cow, CREATURE
minecraft:creeper, MONSTER
minecraft:dolphin, WATER_CREATURE
minecraft:donkey, CREATURE
minecraft:drowned, MONSTER
minecraft:elder_guardian, MONSTER
minecraft:ender_dragon, MONSTER
minecraft:enderman, MONSTER
minecraft:endermite, MONSTER
minecraft:evoker, MONSTER
minecraft:fox, CREATURE
minecraft:frog, CREATURE
minecraft:ghast, MONSTER
minecraft:giant, MONSTER
minecraft:glow_squid, UNDERGROUND_WATER_CREATURE
minecraft:goat, CREATURE
minecraft:guardian, MONSTER
minecraft:hoglin, MONSTER
minecraft:horse, CREATURE
minecraft:husk, MONSTER
minecraft:illusioner, MONSTER
minecraft:llama, CREATURE
minecraft:magma_cube, MONSTER
minecraft:mooshroom, CREATURE
minecraft:mule, CREATURE
minecraft:ocelot, CREATURE
minecraft:panda, CREATURE
minecraft:parrot, CREATURE
minecraft:phantom, MONSTER
minecraft:pig, CREATURE
minecraft:piglin, MONSTER
minecraft:piglin_brute, MONSTER
minecraft:pillager, MONSTER
minecraft:polar_bear, CREATURE
minecraft:pufferfish, WATER_AMBIENT
minecraft:rabbit, CREATURE
minecraft:ravager, MONSTER
minecraft:salmon, WATER_AMBIENT
minecraft:sheep, CREATURE
minecraft:shulker, MONSTER
minecraft:silverfish, MONSTER
minecraft:skeleton, MONSTER
minecraft:skeleton_horse, CREATURE
minecraft:slime, MONSTER
minecraft:sniffer, CREATURE
minecraft:spider, MONSTER
minecraft:squid, WATER_CREATURE
minecraft:stray, MONSTER
minecraft:strider, CREATURE
minecraft:tadpole, CREATURE
minecraft:trader_llama, CREATURE
minecraft:tropical_fish, WATER_AMBIENT
minecraft:turtle, CREATURE
minecraft:vex, MONSTER
minecraft:vindicator, MONSTER
minecraft:wandering_trader, CREATURE
minecraft:warden, MONSTER
minecraft:witch, MONSTER
minecraft:wither, MONSTER
minecraft:wither_skeleton, MONSTER
minecraft:wolf, CREATURE
minecraft:zoglin, MONSTER
minecraft:zombie, MONSTER
minecraft:zombie_horse, CREATURE
minecraft:zombie_villager, MONSTER
minecraft:zombified_piglin, MONSTER
majruszsdifficulty:creeperling, MONSTER
majruszsdifficulty:tank, MONSTER
majruszsdifficulty:cursed_armor, MONSTER
majruszsdifficulty:cerberus, MONSTER
majruszsdifficulty:black_widow, MONSTER
evilcraft:werewolf, MONSTER
evilcraft:netherfish, MONSTER
evilcraft:poisonous_libelle, MONSTER
evilcraft:vengeance_spirit, MONSTER
evilcraft:controlled_zombie, MONSTER
supplementaries:red_merchant, CREATURE
endertrigon:baby_ender_dragon, MONSTER
kobolds:kobold_zombie, MONSTER
kobolds:kobold_skeleton, MONSTER
kobolds:kobold_rascal, MONSTER
awakened_evil:stalker, MONSTER
awakened_evil:infernal_spirit, MONSTER
awakened_evil:water_spirit, MONSTER
awakened_evil:earth_spirit, MONSTER
awakened_evil:oak_ent, MONSTER
awakened_evil:air_spirit, MONSTER
awakened_evil:manticore, MONSTER
awakened_evil:fairy, MONSTER
awakened_evil:sandworm, MONSTER
awakened_evil:sandworm_segment, MONSTER
awakened_evil:mummy, MONSTER
awakened_evil:ender_demon, MONSTER
awakened_evil:imp, MONSTER
awakened_evil:cherub, MONSTER
gravestone:player_ghost, MONSTER
occultism:foliot, CREATURE
occultism:djinni, CREATURE
occultism:afrit, CREATURE
occultism:afrit_wild, CREATURE
occultism:marid, CREATURE
occultism:possessed_endermite, MONSTER
occultism:possessed_skeleton, MONSTER
occultism:possessed_enderman, MONSTER
occultism:possessed_ghast, MONSTER
occultism:wild_hunt_skeleton, MONSTER
occultism:wild_hunt_wither_skeleton, MONSTER
occultism:otherworld_bird, CREATURE
occultism:greedy_familiar, CREATURE
occultism:bat_familiar, CREATURE
occultism:deer_familiar, CREATURE
occultism:cthulhu_familiar, CREATURE
occultism:devil_familiar, CREATURE
occultism:dragon_familiar, CREATURE
occultism:blacksmith_familiar, CREATURE
occultism:guardian_familiar, CREATURE
occultism:headless_familiar, CREATURE
occultism:chimera_familiar, CREATURE
occultism:goat_familiar, CREATURE
occultism:shub_niggurath_familiar, CREATURE
occultism:beholder_familiar, CREATURE
occultism:fairy_familiar, CREATURE
occultism:mummy_familiar, CREATURE
occultism:beaver_familiar, CREATURE
occultism:shub_niggurath_spawn, CREATURE
undergarden:rotling, MONSTER
undergarden:rotwalker, MONSTER
undergarden:rotbeast, MONSTER
undergarden:dweller, CREATURE
undergarden:gwibling, WATER_AMBIENT
undergarden:brute, CREATURE
undergarden:scintling, AMBIENT
undergarden:gloomper, CREATURE
undergarden:stoneborn, MONSTER
undergarden:nargoyle, MONSTER
undergarden:muncher, MONSTER
undergarden:sploogie, MONSTER
undergarden:gwib, WATER_CREATURE
undergarden:mog, CREATURE
undergarden:forgotten_guardian, MONSTER
species:wraptor, MONSTER
species:deepfish, UNDERGROUND_WATER_CREATURE
species:roombug, CREATURE
species:birt, CREATURE
species:limpet, CREATURE
solarcraft:solar_strike_entity, CREATURE
solarcraft:solar_master_villager, CREATURE
solarcraft:shadow_zombie, MONSTER
solarcraft:crystal_boss, CREATURE
solarcraft:crystal_boss_shielding_crystal, CREATURE
solarcraft:runic_warrior, CREATURE
solarcraft:refraction_crystal, CREATURE
solarcraft:explosive_crystal, CREATURE
solarcraft:crystal_boss_mine, CREATURE
solarcraft:runic_elemental_boss, CREATURE
solarcraft:corruption_wisp, CREATURE
minecolonies:citizen, CREATURE
minecolonies:visitor, CREATURE
minecolonies:mercenary, CREATURE
minecolonies:barbarian, MONSTER
minecolonies:archerbarbarian, MONSTER
minecolonies:chiefbarbarian, MONSTER
minecolonies:pirate, MONSTER
minecolonies:archerpirate, MONSTER
minecolonies:chiefpirate, MONSTER
minecolonies:mummy, MONSTER
minecolonies:archermummy, MONSTER
minecolonies:pharao, MONSTER
minecolonies:amazon, MONSTER
minecolonies:amazonspearman, MONSTER
minecolonies:amazonchief, MONSTER
minecolonies:shieldmaiden, MONSTER
minecolonies:norsemenarcher, MONSTER
minecolonies:norsemenchief, MONSTER
enderzoology:concussion_creeper, MONSTER
enderzoology:infested_zombie, MONSTER
enderzoology:enderminy, MONSTER
enderzoology:dire_wolf, MONSTER
enderzoology:fallen_mount, MONSTER
enderzoology:wither_cat, MONSTER
enderzoology:wither_witch, MONSTER
enderzoology:owl, CREATURE
enderzoology:fallen_knight, MONSTER
bagus_lib:mini_bagu, CREATURE
hunterillager:hunterillager, MONSTER
snuffles:snuffle, CREATURE
ars_nouveau:starbuncle, CREATURE
ars_nouveau:whirlisprig, CREATURE
ars_nouveau:wilden_hunter, MONSTER
ars_nouveau:summon_wolf, CREATURE
ars_nouveau:wilden_stalker, MONSTER
ars_nouveau:summon_horse, CREATURE
ars_nouveau:summon_skeleton, CREATURE
ars_nouveau:wilden_guardian, MONSTER
ars_nouveau:wilden_boss, MONSTER
ars_nouveau:drygmy, CREATURE
ars_nouveau:familiar_starbuncle, CREATURE
ars_nouveau:familiar_wixie, CREATURE
ars_nouveau:familiar_bookwyrm, CREATURE
ars_nouveau:familiar_drygmy, CREATURE
ars_nouveau:familiar_whirlisprig, CREATURE
ars_nouveau:familiar_amethyst_golem, CREATURE
ars_nouveau:cascading_weald_walker, CREATURE
ars_nouveau:flourishing_weald_walker, CREATURE
ars_nouveau:blazing_weald_walker, CREATURE
ars_nouveau:vexing_weald_walker, CREATURE
ars_nouveau:amethyst_golem, CREATURE
ars_nouveau:gift_starby, CREATURE
aquaculture:box_turtle, CREATURE
aquaculture:arrau_turtle, CREATURE
aquaculture:starshell_turtle, CREATURE
aquaculture:atlantic_cod, WATER_AMBIENT
aquaculture:blackfish, WATER_AMBIENT
aquaculture:pacific_halibut, WATER_AMBIENT
aquaculture:atlantic_halibut, WATER_AMBIENT
aquaculture:atlantic_herring, WATER_AMBIENT
aquaculture:pink_salmon, WATER_AMBIENT
aquaculture:pollock, WATER_AMBIENT
aquaculture:rainbow_trout, WATER_AMBIENT
aquaculture:bayad, WATER_AMBIENT
aquaculture:boulti, WATER_AMBIENT
aquaculture:capitaine, WATER_AMBIENT
aquaculture:synodontis, WATER_AMBIENT
aquaculture:smallmouth_bass, WATER_AMBIENT
aquaculture:bluegill, WATER_AMBIENT
aquaculture:brown_trout, WATER_AMBIENT
aquaculture:carp, WATER_AMBIENT
aquaculture:catfish, WATER_AMBIENT
aquaculture:gar, WATER_AMBIENT
aquaculture:minnow, WATER_AMBIENT
aquaculture:muskellunge, WATER_AMBIENT
aquaculture:perch, WATER_AMBIENT
aquaculture:arapaima, WATER_AMBIENT
aquaculture:piranha, WATER_AMBIENT
aquaculture:tambaqui, WATER_AMBIENT
aquaculture:brown_shrooma, WATER_AMBIENT
aquaculture:red_shrooma, WATER_AMBIENT
aquaculture:jellyfish, WATER_AMBIENT
aquaculture:red_grouper, WATER_AMBIENT
aquaculture:tuna, WATER_AMBIENT
aquamirae:golden_moth, AMBIENT
aquamirae:maw, MONSTER
aquamirae:anglerfish, WATER_CREATURE
aquamirae:maze_mother, MONSTER
aquamirae:captain_cornelia, MONSTER
aquamirae:pillagers_patrol, MONSTER
aquamirae:tortured_soul, MONSTER
aquamirae:eel, MONSTER
aquamirae:spinefish, WATER_AMBIENT
aquamirae:luminous_jelly, WATER_AMBIENT
cataclysm:ender_golem, MONSTER
cataclysm:ender_guardian, MONSTER
cataclysm:netherite_monstrosity, MONSTER
cataclysm:nameless_sorcerer, MONSTER
cataclysm:ignis, MONSTER
cataclysm:endermaptera, MONSTER
cataclysm:deepling, MONSTER
cataclysm:deepling_brute, MONSTER
cataclysm:deepling_angler, MONSTER
cataclysm:deepling_priest, MONSTER
cataclysm:lionfish, MONSTER
cataclysm:coralssus, MONSTER
cataclysm:ignited_revenant, MONSTER
cataclysm:the_harbinger, MONSTER
cataclysm:the_leviathan, MONSTER
cataclysm:the_baby_leviathan, CREATURE
alexsmobs:grizzly_bear, CREATURE
alexsmobs:roadrunner, CREATURE
alexsmobs:bone_serpent, MONSTER
alexsmobs:bone_serpent_part, MONSTER
alexsmobs:gazelle, CREATURE
alexsmobs:crocodile, WATER_CREATURE
alexsmobs:fly, AMBIENT
alexsmobs:hummingbird, CREATURE
alexsmobs:orca, WATER_CREATURE
alexsmobs:sunbird, CREATURE
alexsmobs:gorilla, CREATURE
alexsmobs:crimson_mosquito, MONSTER
alexsmobs:rattlesnake, CREATURE
alexsmobs:endergrade, CREATURE
alexsmobs:hammerhead_shark, WATER_CREATURE
alexsmobs:lobster, WATER_AMBIENT
alexsmobs:komodo_dragon, CREATURE
alexsmobs:capuchin_monkey, CREATURE
alexsmobs:centipede_head, MONSTER
alexsmobs:warped_toad, CREATURE
alexsmobs:moose, CREATURE
alexsmobs:mimicube, MONSTER
alexsmobs:raccoon, CREATURE
alexsmobs:blobfish, WATER_AMBIENT
alexsmobs:seal, CREATURE
alexsmobs:cockroach, AMBIENT
alexsmobs:shoebill, CREATURE
alexsmobs:elephant, CREATURE
alexsmobs:soul_vulture, MONSTER
alexsmobs:snow_leopard, CREATURE
alexsmobs:spectre, CREATURE
alexsmobs:crow, CREATURE
alexsmobs:alligator_snapping_turtle, CREATURE
alexsmobs:mungus, CREATURE
alexsmobs:mantis_shrimp, WATER_CREATURE
alexsmobs:guster, MONSTER
alexsmobs:warped_mosco, MONSTER
alexsmobs:straddler, MONSTER
alexsmobs:stradpole, WATER_AMBIENT
alexsmobs:emu, CREATURE
alexsmobs:platypus, CREATURE
alexsmobs:dropbear, MONSTER
alexsmobs:tasmanian_devil, CREATURE
alexsmobs:kangaroo, CREATURE
alexsmobs:cachalot_whale, WATER_CREATURE
alexsmobs:leafcutter_ant, CREATURE
alexsmobs:enderiophage, CREATURE
alexsmobs:bald_eagle, CREATURE
alexsmobs:tiger, CREATURE
alexsmobs:tarantula_hawk, CREATURE
alexsmobs:void_worm, MONSTER
alexsmobs:void_worm_part, MONSTER
alexsmobs:frilled_shark, WATER_CREATURE
alexsmobs:mimic_octopus, WATER_CREATURE
alexsmobs:seagull, CREATURE
alexsmobs:froststalker, CREATURE
alexsmobs:tusklin, CREATURE
alexsmobs:laviathan, CREATURE
alexsmobs:cosmaw, CREATURE
alexsmobs:toucan, CREATURE
alexsmobs:maned_wolf, CREATURE
alexsmobs:anaconda, CREATURE
alexsmobs:anteater, CREATURE
alexsmobs:rocky_roller, MONSTER
alexsmobs:flutter, AMBIENT
alexsmobs:gelada_monkey, CREATURE
alexsmobs:jerboa, AMBIENT
alexsmobs:terrapin, WATER_AMBIENT
alexsmobs:comb_jelly, WATER_AMBIENT
alexsmobs:cosmic_cod, AMBIENT
alexsmobs:bunfungus, CREATURE
alexsmobs:bison, CREATURE
alexsmobs:giant_squid, WATER_CREATURE
alexsmobs:sea_bear, WATER_CREATURE
alexsmobs:devils_hole_pupfish, WATER_AMBIENT
alexsmobs:catfish, WATER_AMBIENT
alexsmobs:flying_fish, WATER_AMBIENT
alexsmobs:skelewag, MONSTER
alexsmobs:rain_frog, AMBIENT
alexsmobs:potoo, CREATURE
alexsmobs:mudskipper, CREATURE
alexsmobs:rhinoceros, CREATURE
alexsmobs:sugar_glider, CREATURE
alexsmobs:farseer, MONSTER
alexsmobs:skreecher, MONSTER
alexsmobs:underminer, AMBIENT
alexsmobs:murmur, MONSTER
alexsmobs:murmur_head, MONSTER
alexsmobs:skunk, CREATURE
alexsmobs:banana_slug, CREATURE
alexsmobs:blue_jay, CREATURE
alexsmobs:caiman, CREATURE
alexsmobs:triops, WATER_AMBIENT
waddles:adelie_penguin, CREATURE
bloodandmadness:father_gascoigne, MONSTER
bloodandmadness:gascoigne_beast, MONSTER
bloodandmadness:micolash, MONSTER
bloodandmadness:silverbeast, MONSTER
bloodandmadness:beast_patient, MONSTER
bloodandmadness:cloaked_beast_patient, MONSTER
bloodandmadness:ashen_blood_beast_patient, MONSTER
bloodandmadness:huntsman_axe, MONSTER
bloodandmadness:huntsman_cutlass, MONSTER
bloodandmadness:church_doctor_scythe, MONSTER
bloodandmadness:church_doctor, MONSTER
bloodandmadness:church_doctor_lantern, MONSTER
bloodandmadness:church_doctor_crucifix, MONSTER
bloodandmadness:church_doctor_pistol, MONSTER
bloodandmadness:church_doctor_flamesprayer, MONSTER
bloodandmadness:brainsucker, MONSTER
bloodandmadness:celestial_emissary, MONSTER
bloodandmadness:skeletal_puppet, MONSTER
nature_arise:grizzly_bear, CREATURE
mca:male_villager, AMBIENT
mca:female_villager, AMBIENT
mca:male_zombie_villager, MONSTER
mca:female_zombie_villager, MONSTER
mca:grim_reaper, MONSTER
questapi:quest_npc, AMBIENT
lostfeatures:barnacle, MONSTER
lostfeatures:wildfire, MONSTER
lostfeatures:moobloom, CREATURE
lostfeatures:chillager, MONSTER
lostfeatures:ostrich, CREATURE
rftoolsdim:dimensional_blob_common, MONSTER
rftoolsdim:dimensional_blob_rare, MONSTER
rftoolsdim:dimensional_blob_legendary, MONSTER
cactusmod:cactus_cow, CREATURE
cactusmod:cactus_creeper, MONSTER
cactusmod:cactus_slime, MONSTER
cactusmod:cactus_sheep, CREATURE
cactusmod:cactus_pig, CREATURE
cactusmod:cactus_spider, MONSTER
cactusmod:cactus_skeleton, MONSTER
shiny:shiny_axolotl, AXOLOTLS
shiny:shiny_bat, AMBIENT
shiny:shiny_bee, CREATURE
shiny:shiny_blaze, MONSTER
shiny:shiny_cat, CREATURE
shiny:shiny_cave_spider, MONSTER
shiny:shiny_chicken, CREATURE
shiny:shiny_cod, WATER_AMBIENT
shiny:shiny_cow, CREATURE
shiny:shiny_creeper, MONSTER
shiny:shiny_dolphin, WATER_CREATURE
shiny:shiny_donkey, CREATURE
shiny:shiny_drowned, MONSTER
shiny:shiny_elder_guardian, MONSTER
shiny:shiny_enderman, MONSTER
shiny:shiny_endermite, MONSTER
shiny:shiny_evoker, MONSTER
shiny:shiny_fox, CREATURE
shiny:shiny_ghast, MONSTER
shiny:shiny_glow_squid, UNDERGROUND_WATER_CREATURE
shiny:shiny_goat, CREATURE
shiny:shiny_guardian, MONSTER
shiny:shiny_hoglin, MONSTER
shiny:shiny_horse, CREATURE
shiny:shiny_husk, MONSTER
shiny:shiny_illusioner, MONSTER
shiny:shiny_llama, CREATURE
shiny:shiny_magma_cube, MONSTER
shiny:shiny_mule, CREATURE
shiny:shiny_mooshroom, CREATURE
shiny:shiny_ocelot, CREATURE
shiny:shiny_panda, CREATURE
shiny:shiny_parrot, CREATURE
shiny:shiny_phantom, MONSTER
shiny:shiny_pig, CREATURE
shiny:shiny_piglin, MONSTER
shiny:shiny_piglin_brute, MONSTER
shiny:shiny_pillager, MONSTER
shiny:shiny_polar_bear, CREATURE
shiny:shiny_pufferfish, WATER_AMBIENT
shiny:shiny_rabbit, CREATURE
shiny:shiny_ravager, MONSTER
shiny:shiny_salmon, WATER_AMBIENT
shiny:shiny_sheep, CREATURE
shiny:shiny_shulker, MONSTER
shiny:shiny_silverfish, MONSTER
shiny:shiny_skeleton, MONSTER
shiny:shiny_skeleton_horse, CREATURE
shiny:shiny_slime, MONSTER
shiny:shiny_spider, MONSTER
shiny:shiny_squid, WATER_CREATURE
shiny:shiny_stray, MONSTER
shiny:shiny_strider, CREATURE
shiny:shiny_trader_llama, CREATURE
shiny:shiny_tropical_fish, WATER_AMBIENT
shiny:shiny_turtle, CREATURE
shiny:shiny_vex, MONSTER
shiny:shiny_vindicator, MONSTER
shiny:shiny_wandering_trader, CREATURE
shiny:shiny_witch, MONSTER
shiny:shiny_wither, MONSTER
shiny:shiny_wither_skeleton, MONSTER
shiny:shiny_wolf, CREATURE
shiny:shiny_zoglin, MONSTER
shiny:shiny_zombie, MONSTER
shiny:shiny_zombie_horse, CREATURE
shiny:shiny_zombie_villager, MONSTER
shiny:shiny_zombified_piglin, MONSTER
shiny:shiny_warden, MONSTER
shiny:shiny_tadpole, CREATURE
shiny:shiny_frog, CREATURE
shiny:shiny_allay, CREATURE
shiny:shiny_camel, CREATURE
